C:\Users\rikardbq\my\dev\java\sqlite_server_connector\src\main\java\se\rikardbq\connector\Connector.java
C:\Users\rikardbq\my\dev\java\sqlite_server_connector\src\main\java\se\rikardbq\connector\Migrator.java
C:\Users\rikardbq\my\dev\java\sqlite_server_connector\src\main\java\se\rikardbq\jwt\TokenManager.java
C:\Users\rikardbq\my\dev\java\sqlite_server_connector\src\main\java\se\rikardbq\Main.java
C:\Users\rikardbq\my\dev\java\sqlite_server_connector\src\main\java\se\rikardbq\models\Enums.java
C:\Users\rikardbq\my\dev\java\sqlite_server_connector\src\main\java\se\rikardbq\models\FetchResponse.java
C:\Users\rikardbq\my\dev\java\sqlite_server_connector\src\main\java\se\rikardbq\models\migration\Migration.java
C:\Users\rikardbq\my\dev\java\sqlite_server_connector\src\main\java\se\rikardbq\models\MigrationRequest.java
C:\Users\rikardbq\my\dev\java\sqlite_server_connector\src\main\java\se\rikardbq\models\MigrationResponse.java
C:\Users\rikardbq\my\dev\java\sqlite_server_connector\src\main\java\se\rikardbq\models\MutationResponse.java
C:\Users\rikardbq\my\dev\java\sqlite_server_connector\src\main\java\se\rikardbq\models\QueryRequest.java
C:\Users\rikardbq\my\dev\java\sqlite_server_connector\src\main\java\se\rikardbq\models\ResponseClaims.java
C:\Users\rikardbq\my\dev\java\sqlite_server_connector\src\main\java\se\rikardbq\models\TokenPayload.java
C:\Users\rikardbq\my\dev\java\sqlite_server_connector\src\main\java\se\rikardbq\models\TokenPayloadError.java
C:\Users\rikardbq\my\dev\java\sqlite_server_connector\src\main\java\se\rikardbq\temp\SomeDataClass.java
